[DEBUG] main: started
[DEBUG] Load: config path=C:\Code\Personal\agentic\yaah\config.yaml
[DEBUG] Load: ContextWindow=50000
[DEBUG] NewFromConfig: ContextWindow=50000, CompactionThreshold=0.00
[DEBUG] CompactionMiddleware.PrepareStep: window=50000, threshold=0.00, messages=2
[DEBUG] compactContext: called with threshold=0.00, messages=2
[DEBUG] compactContext: using preflight estimate=6367 (factor=1.30)
[DEBUG] compactContext: skipping, estimated=6367 < target=12500
[DEBUG] CompactionMiddleware.PostTool: window=50000, threshold=0.00, messages=4
[DEBUG] compactContext: called with threshold=0.00, messages=4
[DEBUG] compactContext: using LastPromptTokens=9146
[DEBUG] compactContext: skipping due to continuation guard
[DEBUG] CompactionMiddleware.PrepareStep: window=50000, threshold=0.00, messages=4
[DEBUG] compactContext: called with threshold=0.00, messages=4
[DEBUG] compactContext: using LastPromptTokens=9146
[DEBUG] compactContext: skipping due to continuation guard
[DEBUG] CompactionMiddleware.PostTool: window=50000, threshold=0.00, messages=6
[DEBUG] compactContext: called with threshold=0.00, messages=6
[DEBUG] compactContext: using LastPromptTokens=11175
[DEBUG] compactContext: skipping due to continuation guard
[DEBUG] CompactionMiddleware.PrepareStep: window=50000, threshold=0.00, messages=6
[DEBUG] compactContext: called with threshold=0.00, messages=6
[DEBUG] compactContext: using LastPromptTokens=11175
[DEBUG] compactContext: skipping due to continuation guard
